
> website@0.0.0 build
> vite build

[36mvite v7.3.1 [32mbuilding client environment for production...[36m[39m
transforming...
[32mΓ£ô[39m 4 modules transformed.
node.exe : [31mΓ£ù[39m 
Build failed in 891ms
At C:\Program 
Files\nodejs\npm.ps1:29 
char:3
+   & $NODE_EXE 
$NPM_CLI_JS $args
+   ~~~~~~~~~~~~~~~~~~~~~~
~~~~~~~
    + CategoryInfo        
      : NotSpecified: (  
  [31mΓ£ù[39m Build fa   
 iled in 891ms:String)    
 [], RemoteException
    + FullyQualifiedError 
   Id : NativeCommandErr  
  or
 
[31merror during build:
[31m[vite]: Rollup 
failed to resolve import 
"react-helmet-async" from 
"D:/zilaxis/Zest technolog
ies/Website/src/App.jsx".
This is most likely 
unintended because it can 
break your application at 
runtime.
If you do want to 
externalize this module 
explicitly add it to
`build.rollupOptions.exter
nal`[31m
    at viteLog (file:///D:
/zilaxis/Zest%20technologi
es/Website/node_modules/vi
te/dist/node/chunks/config
.js:33635:57)
    at file:///D:/zilaxis/
Zest%20technologies/Websit
e/node_modules/vite/dist/n
ode/chunks/config.js:33669
:73
    at onwarn (file:///D:/
zilaxis/Zest%20technologie
s/Website/node_modules/@vi
tejs/plugin-react/dist/ind
ex.js:76:7)
    at file:///D:/zilaxis/
Zest%20technologies/Websit
e/node_modules/vite/dist/n
ode/chunks/config.js:33669
:28
    at onRollupLog (file:/
//D:/zilaxis/Zest%20techno
logies/Website/node_module
s/vite/dist/node/chunks/co
nfig.js:33664:63)
    at onLog (file:///D:/z
ilaxis/Zest%20technologies
/Website/node_modules/vite
/dist/node/chunks/config.j
s:33467:4)
    at file:///D:/zilaxis/
Zest%20technologies/Websit
e/node_modules/rollup/dist
/es/shared/node-entry.js:2
0958:32
    at Object.logger [as 
onLog] (file:///D:/zilaxis
/Zest%20technologies/Websi
te/node_modules/rollup/dis
t/es/shared/node-entry.js:
22945:9)
    at ModuleLoader.handle
InvalidResolvedId (file://
/D:/zilaxis/Zest%20technol
ogies/Website/node_modules
/rollup/dist/es/shared/nod
e-entry.js:21689:26)
    at file:///D:/zilaxis/
Zest%20technologies/Websit
e/node_modules/rollup/dist
/es/shared/node-entry.js:2
1647:26[39m
